// Jest Snapshot v1, https://goo.gl/fbAQLP

exports[`should render QuestionOne correctly 1`] = `
<SectionGroup>
  <SectionPanel>
    <form>
      <WithStyles(ForwardRef(TextField))
        id="outlined-basic"
        label="Job"
        onChange={[Function]}
        variant="outlined"
      />
      <div
        className="jobList"
      >
        <h3 />
      </div>
    </form>
  </SectionPanel>
</SectionGroup>
`;
